// Jest Snapshot v1, https://goo.gl/fbAQLP

exports[`App matches previous snapshot 1`] = `
"<View>
  <Text style={116}>
    React Native for Web Sample App for Google Last Mile Fleet Solution
  </Text>
  <Wrapper apiKey=\\"YOUR_API_KEY\\" render={[Function: render]} version=\\"beta\\" libraries={{...}}>
    <MapComponent />
  </Wrapper>
</View>"
`;
